ASxxxx Linker V03.00 + NoICE + sdld,  page 1.
Hexadecimal  [32-Bits]

Area                                    Addr        Size        Decimal Bytes (Attributes)
--------------------------------        ----        ----        ------- ----- ------------
INT2AV0                             00000000    00000046 =          70. bytes (ABS,OVR)

      Value  Global                              Global Defined In Module
      -----  --------------------------------   ------------------------
     00000000  l_CABS                          
     00000000  l_CONST                         
     00000000  l_GSINIT1                       
     00000000  l_GSINIT5                       
     00000000  l_IABS                          
     00000000  l_INT2AV                        
     00000000  l_ISEG                          
     00000000  l_PSEG                          
     00000000  l_REG_BANK_1                    
     00000000  l_REG_BANK_2                    
     00000000  l_REG_BANK_3                    
     00000000  l_RSEG                          
     00000000  l_RSEG0                         
     00000000  l_RSEG1                         
     00000000  l_XABS                          
     00000000  l_XINIT                         
     00000000  l_XISEG                         
     00000000  l_XSEG                          
     00000000  l__CODE                         
     00000000  s_BSEG                          
     00000000  s_CABS                          
     00000000  s_DSEG                          
     00000000  s_HOME                          
     00000000  s_IABS                          
     00000000  s_INT2AV                        
     00000000  s_INT2AV0                       
     00000000  s_ISEG                          
     00000000  s_REG_BANK_0                    
     00000000  s_RSEG                          
     00000000  s_RSEG0                         
     00000000  s_RSEG1                         
     00000000  s_XABS                          
     00000001  l_BIT_BANK                      
     00000001  l_BSEG                          
     00000001  l_BSEG_BYTES                    
     00000003  l_GSFINAL                       
     00000003  l_GSINIT0                       
     00000008  l_OSEG                          
     00000008  l_REG_BANK_0                    
     00000008  s_REG_BANK_1                    
     0000000A  l_GSINIT2                       
     00000010  s_REG_BANK_2                    
     00000018  s_REG_BANK_3                    
     0000001A  l_GSINIT                        
     00000020  s_BSEG_BYTES                    
     00000020  s__CODE                         
     00000021  s_BIT_BANK                      
     00000022  l_GSINIT3                       
     00000022  s_OSEG                          
     0000002A  l_GSINIT4                       
ASxxxx Linker V03.00 + NoICE + sdld,  page 2.
Hexadecimal  [32-Bits]

Area                                    Addr        Size        Decimal Bytes (Attributes)
--------------------------------        ----        ----        ------- ----- ------------
INT2AV0                             00000000    00000046 =          70. bytes (ABS,OVR)

      Value  Global                              Global Defined In Module
      -----  --------------------------------   ------------------------
     0000002A  s_SSEG                          
     00000046  l_INT2AV0                       
     0000007C  l_DSEG                          
     0000008C  l_DSCR_AREA                     
     000000B8  l_INT2JT                        
     000000D6  l_SSEG                          
     00000100  l_IRAM                          
     000001B9  l_HOME                          
     000001B9  s_GSINIT0                       
     000001BC  s_GSINIT1                       
     000001BC  s_GSINIT2                       
     000001C6  s_GSINIT3                       
     000001E8  s_GSINIT4                       
     00000212  s_GSINIT                        
     00000212  s_GSINIT5                       
     0000022C  s_GSFINAL                       
     0000022F  s_CSEG                          
     00001010  l_CSEG                          
     0000123F  s_CONST                         
     0000123F  s_XINIT                         
     00001C00  s_PSEG                          
     00001C00  s_XISEG                         
     00001C00  s_XSEG                          
     00001E00  s_DSCR_AREA                     
     00001F00  s_INT2JT                        
ASxxxx Linker V03.00 + NoICE + sdld,  page 3.
Hexadecimal  [32-Bits]

Area                                    Addr        Size        Decimal Bytes (Attributes)
--------------------------------        ----        ----        ------- ----- ------------
.  .ABS.                            00000000    00000000 =           0. bytes (ABS,CON)

      Value  Global                              Global Defined In Module
      -----  --------------------------------   ------------------------
     00000000  .__.ABS.                           _startup
     00000080  _IOA                               ep0ping_isr
     00000080  _PA0                               ep0ping_isr
     00000081  _PA1                               ep0ping_isr
     00000081  _SP                                ep0ping_isr
     00000082  _DPL                               ep0ping_isr
     00000082  _PA2                               ep0ping_isr
     00000083  _DPH                               ep0ping_isr
     00000083  _PA3                               ep0ping_isr
     00000084  _DPL1                              ep0ping_isr
     00000084  _PA4                               ep0ping_isr
     00000085  _DPH1                              ep0ping_isr
     00000085  _PA5                               ep0ping_isr
     00000086  _DPS                               ep0ping_isr
     00000086  _PA6                               ep0ping_isr
     00000087  _PA7                               ep0ping_isr
     00000087  _PCON                              ep0ping_isr
     00000088  _IT0                               ep0ping_isr
     00000088  _TCON                              ep0ping_isr
     00000089  _IE0                               ep0ping_isr
     00000089  _TMOD                              ep0ping_isr
     0000008A  _IT1                               ep0ping_isr
     0000008A  _TL0                               ep0ping_isr
     0000008B  _IE1                               ep0ping_isr
     0000008B  _TL1                               ep0ping_isr
     0000008C  _TH0                               ep0ping_isr
     0000008C  _TR0                               ep0ping_isr
     0000008D  _TF0                               ep0ping_isr
     0000008D  _TH1                               ep0ping_isr
     0000008E  _CKCON                             ep0ping_isr
     0000008E  _TR1                               ep0ping_isr
     0000008F  _TF1                               ep0ping_isr
     00000090  _IOB                               ep0ping_isr
     00000090  _PB0                               ep0ping_isr
     00000091  _EXIF                              ep0ping_isr
     00000091  _PB1                               ep0ping_isr
     00000092  _PB2                               ep0ping_isr
     00000092  __XPAGE                            ep0ping_isr
     00000093  _PB3                               ep0ping_isr
     00000094  _PB4                               ep0ping_isr
     00000095  _PB5                               ep0ping_isr
     00000096  _PB6                               ep0ping_isr
     00000097  _PB7                               ep0ping_isr
     00000098  _RI                                ep0ping_isr
     00000098  _SCON0                             ep0ping_isr
     00000099  _SBUF0                             ep0ping_isr
     00000099  _TI                                ep0ping_isr
     0000009A  _AUTOPTRH1                         ep0ping_isr
     0000009A  _RB8                               ep0ping_isr
     0000009B  _AUTOPTRL1                         ep0ping_isr
ASxxxx Linker V03.00 + NoICE + sdld,  page 4.
Hexadecimal  [32-Bits]

Area                                    Addr        Size        Decimal Bytes (Attributes)
--------------------------------        ----        ----        ------- ----- ------------
.  .ABS.                            00000000    00000000 =           0. bytes (ABS,CON)

      Value  Global                              Global Defined In Module
      -----  --------------------------------   ------------------------
     0000009B  _TB8                               ep0ping_isr
     0000009C  _REN                               ep0ping_isr
     0000009D  _AUTOPTRH2                         ep0ping_isr
     0000009D  _SM2                               ep0ping_isr
     0000009E  _AUTOPTRL2                         ep0ping_isr
     0000009E  _SM1                               ep0ping_isr
     0000009F  _SM0                               ep0ping_isr
     000000A0  _IOC                               ep0ping_isr
     000000A0  _PC0                               ep0ping_isr
     000000A1  _INT2CLR                           ep0ping_isr
     000000A1  _PC1                               ep0ping_isr
     000000A2  _INT4CLR                           ep0ping_isr
     000000A2  _PC2                               ep0ping_isr
     000000A3  _PC3                               ep0ping_isr
     000000A4  _PC4                               ep0ping_isr
     000000A5  _PC5                               ep0ping_isr
     000000A6  _PC6                               ep0ping_isr
     000000A7  _PC7                               ep0ping_isr
     000000A8  _EX0                               ep0ping_isr
     000000A8  _IE                                ep0ping_isr
     000000A9  _ET0                               ep0ping_isr
     000000AA  _EP2468STAT                        ep0ping_isr
     000000AA  _EX1                               ep0ping_isr
     000000AB  _EP24FIFOFLGS                      ep0ping_isr
     000000AB  _ET1                               ep0ping_isr
     000000AC  _EP68FIFOFLGS                      ep0ping_isr
     000000AC  _ES0                               ep0ping_isr
     000000AD  _ET2                               ep0ping_isr
     000000AE  _ES1                               ep0ping_isr
     000000AF  _AUTOPTRSETUP                      ep0ping_isr
     000000AF  _EA                                ep0ping_isr
     000000B0  _IOD                               ep0ping_isr
     000000B0  _PD0                               ep0ping_isr
     000000B1  _IOE                               ep0ping_isr
     000000B1  _PD1                               ep0ping_isr
     000000B2  _OEA                               ep0ping_isr
     000000B2  _PD2                               ep0ping_isr
     000000B3  _OEB                               ep0ping_isr
     000000B3  _PD3                               ep0ping_isr
     000000B4  _OEC                               ep0ping_isr
     000000B4  _PD4                               ep0ping_isr
     000000B5  _OED                               ep0ping_isr
     000000B5  _PD5                               ep0ping_isr
     000000B6  _OEE                               ep0ping_isr
     000000B6  _PD6                               ep0ping_isr
     000000B7  _PD7                               ep0ping_isr
     000000B8  _IP                                ep0ping_isr
     000000B8  _PX0                               ep0ping_isr
     000000B9  _PT0                               ep0ping_isr
     000000BA  _EP01STAT                          ep0ping_isr
     000000BA  _PX1                               ep0ping_isr
ASxxxx Linker V03.00 + NoICE + sdld,  page 5.
Hexadecimal  [32-Bits]

Area                                    Addr        Size        Decimal Bytes (Attributes)
--------------------------------        ----        ----        ------- ----- ------------
.  .ABS.                            00000000    00000000 =           0. bytes (ABS,CON)

      Value  Global                              Global Defined In Module
      -----  --------------------------------   ------------------------
     000000BB  _GPIFTRIG                          ep0ping_isr
     000000BB  _PT1                               ep0ping_isr
     000000BC  _PS0                               ep0ping_isr
     000000BD  _GPIFSGLDATH                       ep0ping_isr
     000000BD  _PT2                               ep0ping_isr
     000000BE  _GPIFSGLDATLX                      ep0ping_isr
     000000BE  _PS1                               ep0ping_isr
     000000BF  _GPIFSGLDATLNOX                    ep0ping_isr
     000000C0  _RI1                               ep0ping_isr
     000000C0  _SCON1                             ep0ping_isr
     000000C1  _SBUF1                             ep0ping_isr
     000000C1  _TI1                               ep0ping_isr
     000000C2  _RB81                              ep0ping_isr
     000000C3  _TB81                              ep0ping_isr
     000000C4  _REN1                              ep0ping_isr
     000000C5  _SM21                              ep0ping_isr
     000000C6  _SM11                              ep0ping_isr
     000000C7  _SM01                              ep0ping_isr
     000000C8  _CP_RL2                            ep0ping_isr
     000000C8  _T2CON                             ep0ping_isr
     000000C9  _C_T2                              ep0ping_isr
     000000CA  _RCAP2L                            ep0ping_isr
     000000CA  _TR2                               ep0ping_isr
     000000CB  _EXEN2                             ep0ping_isr
     000000CB  _RCAP2H                            ep0ping_isr
     000000CC  _TCLK                              ep0ping_isr
     000000CC  _TL2                               ep0ping_isr
     000000CD  _RCLK                              ep0ping_isr
     000000CD  _TH2                               ep0ping_isr
     000000CE  _EXF2                              ep0ping_isr
     000000CF  _TF2                               ep0ping_isr
     000000D0  _P                                 ep0ping_isr
     000000D0  _PSW                               ep0ping_isr
     000000D1  _FL                                ep0ping_isr
     000000D2  _OV                                ep0ping_isr
     000000D3  _RS0                               ep0ping_isr
     000000D4  _RS1                               ep0ping_isr
     000000D5  _F0                                ep0ping_isr
     000000D6  _AC                                ep0ping_isr
     000000D7  _CY                                ep0ping_isr
     000000D8  _EICON                             ep0ping_isr
     000000DB  _INT6                              ep0ping_isr
     000000DC  _RESI                              ep0ping_isr
     000000DD  _ERESI                             ep0ping_isr
     000000DF  _SMOD1                             ep0ping_isr
     000000E0  _ACC                               ep0ping_isr
     000000E8  _EIE                               ep0ping_isr
     000000E8  _EUSB                              ep0ping_isr
     000000E9  _EI2C                              ep0ping_isr
     000000EA  _EIEX4                             ep0ping_isr
     000000EB  _EIEX5                             ep0ping_isr
ASxxxx Linker V03.00 + NoICE + sdld,  page 6.
Hexadecimal  [32-Bits]

Area                                    Addr        Size        Decimal Bytes (Attributes)
--------------------------------        ----        ----        ------- ----- ------------
.  .ABS.                            00000000    00000000 =           0. bytes (ABS,CON)

      Value  Global                              Global Defined In Module
      -----  --------------------------------   ------------------------
     000000EC  _EIEX6                             ep0ping_isr
     000000F0  _B                                 ep0ping_isr
     000000F5  _B_5                               _gptrget
     000000F6  _B_6                               _gptrget
     000000F7  _B_7                               _gptrget
     000000F8  _EIP                               ep0ping_isr
     000000F8  _PUSB                              ep0ping_isr
     000000F9  _PI2C                              ep0ping_isr
     000000FA  _EIPX4                             ep0ping_isr
     000000FB  _EIPX5                             ep0ping_isr
     000000FC  _EIPX6                             ep0ping_isr
     0000E400  _GPIF_WAVE_DATA                    ep0ping_isr
     0000E480  _RES_WAVEDATA_END                  ep0ping_isr
     0000E50D  _GPCR2                             ep0ping_isr
     0000E600  _CPUCS                             ep0ping_isr
     0000E601  _IFCONFIG                          ep0ping_isr
     0000E602  _PINFLAGSAB                        ep0ping_isr
     0000E603  _PINFLAGSCD                        ep0ping_isr
     0000E604  _FIFORESET                         ep0ping_isr
     0000E605  _BREAKPT                           ep0ping_isr
     0000E606  _BPADDRH                           ep0ping_isr
     0000E607  _BPADDRL                           ep0ping_isr
     0000E608  _UART230                           ep0ping_isr
     0000E609  _FIFOPINPOLAR                      ep0ping_isr
     0000E60A  _REVID                             ep0ping_isr
     0000E60B  _REVCTL                            ep0ping_isr
     0000E60C  _GPIFHOLDAMOUNT                    ep0ping_isr
     0000E610  _EP1OUTCFG                         ep0ping_isr
     0000E611  _EP1INCFG                          ep0ping_isr
     0000E612  _EP2CFG                            ep0ping_isr
     0000E613  _EP4CFG                            ep0ping_isr
     0000E614  _EP6CFG                            ep0ping_isr
     0000E615  _EP8CFG                            ep0ping_isr
     0000E618  _EP2FIFOCFG                        ep0ping_isr
     0000E619  _EP4FIFOCFG                        ep0ping_isr
     0000E61A  _EP6FIFOCFG                        ep0ping_isr
     0000E61B  _EP8FIFOCFG                        ep0ping_isr
     0000E620  _EP2AUTOINLENH                     ep0ping_isr
     0000E621  _EP2AUTOINLENL                     ep0ping_isr
     0000E622  _EP4AUTOINLENH                     ep0ping_isr
     0000E623  _EP4AUTOINLENL                     ep0ping_isr
     0000E624  _EP6AUTOINLENH                     ep0ping_isr
     0000E625  _EP6AUTOINLENL                     ep0ping_isr
     0000E626  _EP8AUTOINLENH                     ep0ping_isr
     0000E627  _EP8AUTOINLENL                     ep0ping_isr
     0000E628  _ECCCFG                            ep0ping_isr
     0000E629  _ECCRESET                          ep0ping_isr
     0000E62A  _ECC1B0                            ep0ping_isr
     0000E62B  _ECC1B1                            ep0ping_isr
     0000E62C  _ECC1B2                            ep0ping_isr
     0000E62D  _ECC2B0                            ep0ping_isr
ASxxxx Linker V03.00 + NoICE + sdld,  page 7.
Hexadecimal  [32-Bits]

Area                                    Addr        Size        Decimal Bytes (Attributes)
--------------------------------        ----        ----        ------- ----- ------------
.  .ABS.                            00000000    00000000 =           0. bytes (ABS,CON)

      Value  Global                              Global Defined In Module
      -----  --------------------------------   ------------------------
     0000E62E  _ECC2B1                            ep0ping_isr
     0000E62F  _ECC2B2                            ep0ping_isr
     0000E630  _EP2FIFOPFH                        ep0ping_isr
     0000E631  _EP2FIFOPFL                        ep0ping_isr
     0000E632  _EP4FIFOPFH                        ep0ping_isr
     0000E633  _EP4FIFOPFL                        ep0ping_isr
     0000E634  _EP6FIFOPFH                        ep0ping_isr
     0000E635  _EP6FIFOPFL                        ep0ping_isr
     0000E636  _EP8FIFOPFH                        ep0ping_isr
     0000E637  _EP8FIFOPFL                        ep0ping_isr
     0000E640  _EP2ISOINPKTS                      ep0ping_isr
     0000E641  _EP4ISOINPKTS                      ep0ping_isr
     0000E642  _EP6ISOINPKTS                      ep0ping_isr
     0000E643  _EP8ISOINPKTS                      ep0ping_isr
     0000E648  _INPKTEND                          ep0ping_isr
     0000E649  _OUTPKTEND                         ep0ping_isr
     0000E650  _EP2FIFOIE                         ep0ping_isr
     0000E651  _EP2FIFOIRQ                        ep0ping_isr
     0000E652  _EP4FIFOIE                         ep0ping_isr
     0000E653  _EP4FIFOIRQ                        ep0ping_isr
     0000E654  _EP6FIFOIE                         ep0ping_isr
     0000E655  _EP6FIFOIRQ                        ep0ping_isr
     0000E656  _EP8FIFOIE                         ep0ping_isr
     0000E657  _EP8FIFOIRQ                        ep0ping_isr
     0000E658  _IBNIE                             ep0ping_isr
     0000E659  _IBNIRQ                            ep0ping_isr
     0000E65A  _NAKIE                             ep0ping_isr
     0000E65B  _NAKIRQ                            ep0ping_isr
     0000E65C  _USBIE                             ep0ping_isr
     0000E65D  _USBIRQ                            ep0ping_isr
     0000E65E  _EPIE                              ep0ping_isr
     0000E65F  _EPIRQ                             ep0ping_isr
     0000E660  _GPIFIE                            ep0ping_isr
     0000E661  _GPIFIRQ                           ep0ping_isr
     0000E662  _USBERRIE                          ep0ping_isr
     0000E663  _USBERRIRQ                         ep0ping_isr
     0000E664  _ERRCNTLIM                         ep0ping_isr
     0000E665  _CLRERRCNT                         ep0ping_isr
     0000E666  _INT2IVEC                          ep0ping_isr
     0000E667  _INT4IVEC                          ep0ping_isr
     0000E668  _INTSETUP                          ep0ping_isr
     0000E670  _PORTACFG                          ep0ping_isr
     0000E671  _PORTCCFG                          ep0ping_isr
     0000E672  _PORTECFG                          ep0ping_isr
     0000E678  _I2CS                              ep0ping_isr
     0000E679  _I2DAT                             ep0ping_isr
     0000E67A  _I2CTL                             ep0ping_isr
     0000E67B  _XAUTODAT1                         ep0ping_isr
     0000E67C  _XAUTODAT2                         ep0ping_isr
     0000E67D  _UDMACRCH                          ep0ping_isr
     0000E67E  _UDMACRCL                          ep0ping_isr
ASxxxx Linker V03.00 + NoICE + sdld,  page 8.
Hexadecimal  [32-Bits]

Area                                    Addr        Size        Decimal Bytes (Attributes)
--------------------------------        ----        ----        ------- ----- ------------
.  .ABS.                            00000000    00000000 =           0. bytes (ABS,CON)

      Value  Global                              Global Defined In Module
      -----  --------------------------------   ------------------------
     0000E67F  _UDMACRCQUAL                       ep0ping_isr
     0000E680  _USBCS                             ep0ping_isr
     0000E681  _SUSPEND                           ep0ping_isr
     0000E682  _WAKEUPCS                          ep0ping_isr
     0000E683  _TOGCTL                            ep0ping_isr
     0000E684  _USBFRAMEH                         ep0ping_isr
     0000E685  _USBFRAMEL                         ep0ping_isr
     0000E686  _MICROFRAME                        ep0ping_isr
     0000E687  _FNADDR                            ep0ping_isr
     0000E68A  _EP0BCH                            ep0ping_isr
     0000E68B  _EP0BCL                            ep0ping_isr
     0000E68D  _EP1OUTBC                          ep0ping_isr
     0000E68F  _EP1INBC                           ep0ping_isr
     0000E690  _EP2BCH                            ep0ping_isr
     0000E691  _EP2BCL                            ep0ping_isr
     0000E694  _EP4BCH                            ep0ping_isr
     0000E695  _EP4BCL                            ep0ping_isr
     0000E698  _EP6BCH                            ep0ping_isr
     0000E699  _EP6BCL                            ep0ping_isr
     0000E69C  _EP8BCH                            ep0ping_isr
     0000E69D  _EP8BCL                            ep0ping_isr
     0000E6A0  _EP0CS                             ep0ping_isr
     0000E6A1  _EP1OUTCS                          ep0ping_isr
     0000E6A2  _EP1INCS                           ep0ping_isr
     0000E6A3  _EP2CS                             ep0ping_isr
     0000E6A4  _EP4CS                             ep0ping_isr
     0000E6A5  _EP6CS                             ep0ping_isr
     0000E6A6  _EP8CS                             ep0ping_isr
     0000E6A7  _EP2FIFOFLGS                       ep0ping_isr
     0000E6A8  _EP4FIFOFLGS                       ep0ping_isr
     0000E6A9  _EP6FIFOFLGS                       ep0ping_isr
     0000E6AA  _EP8FIFOFLGS                       ep0ping_isr
     0000E6AB  _EP2FIFOBCH                        ep0ping_isr
     0000E6AC  _EP2FIFOBCL                        ep0ping_isr
     0000E6AD  _EP4FIFOBCH                        ep0ping_isr
     0000E6AE  _EP4FIFOBCL                        ep0ping_isr
     0000E6AF  _EP6FIFOBCH                        ep0ping_isr
     0000E6B0  _EP6FIFOBCL                        ep0ping_isr
     0000E6B1  _EP8FIFOBCH                        ep0ping_isr
     0000E6B2  _EP8FIFOBCL                        ep0ping_isr
     0000E6B3  _SUDPTRH                           ep0ping_isr
     0000E6B4  _SUDPTRL                           ep0ping_isr
     0000E6B5  _SUDPTRCTL                         ep0ping_isr
     0000E6B8  _SETUPDAT                          ep0ping_isr
     0000E6C0  _GPIFWFSELECT                      ep0ping_isr
     0000E6C1  _GPIFIDLECS                        ep0ping_isr
     0000E6C2  _GPIFIDLECTL                       ep0ping_isr
     0000E6C3  _GPIFCTLCFG                        ep0ping_isr
     0000E6C4  _GPIFADRH                          ep0ping_isr
     0000E6C5  _GPIFADRL                          ep0ping_isr
     0000E6C6  _FLOWSTATE                         ep0ping_isr
ASxxxx Linker V03.00 + NoICE + sdld,  page 9.
Hexadecimal  [32-Bits]

Area                                    Addr        Size        Decimal Bytes (Attributes)
--------------------------------        ----        ----        ------- ----- ------------
.  .ABS.                            00000000    00000000 =           0. bytes (ABS,CON)

      Value  Global                              Global Defined In Module
      -----  --------------------------------   ------------------------
     0000E6C7  _FLOWLOGIC                         ep0ping_isr
     0000E6C8  _FLOWEQ0CTL                        ep0ping_isr
     0000E6C9  _FLOWEQ1CTL                        ep0ping_isr
     0000E6CA  _FLOWHOLDOFF                       ep0ping_isr
     0000E6CB  _FLOWSTB                           ep0ping_isr
     0000E6CC  _FLOWSTBEDGE                       ep0ping_isr
     0000E6CD  _FLOWSTBHPERIOD                    ep0ping_isr
     0000E6CE  _GPIFTCB3                          ep0ping_isr
     0000E6CF  _GPIFTCB2                          ep0ping_isr
     0000E6D0  _GPIFTCB1                          ep0ping_isr
     0000E6D1  _GPIFTCB0                          ep0ping_isr
     0000E6D2  _EP2GPIFFLGSEL                     ep0ping_isr
     0000E6D3  _EP2GPIFPFSTOP                     ep0ping_isr
     0000E6D4  _EP2GPIFTRIG                       ep0ping_isr
     0000E6DA  _EP4GPIFFLGSEL                     ep0ping_isr
     0000E6DB  _EP4GPIFPFSTOP                     ep0ping_isr
     0000E6DC  _EP4GPIFTRIG                       ep0ping_isr
     0000E6E2  _EP6GPIFFLGSEL                     ep0ping_isr
     0000E6E3  _EP6GPIFPFSTOP                     ep0ping_isr
     0000E6E4  _EP6GPIFTRIG                       ep0ping_isr
     0000E6EA  _EP8GPIFFLGSEL                     ep0ping_isr
     0000E6EB  _EP8GPIFPFSTOP                     ep0ping_isr
     0000E6EC  _EP8GPIFTRIG                       ep0ping_isr
     0000E6F0  _XGPIFSGLDATH                      ep0ping_isr
     0000E6F1  _XGPIFSGLDATLX                     ep0ping_isr
     0000E6F2  _XGPIFSGLDATLNOX                   ep0ping_isr
     0000E6F3  _GPIFREADYCFG                      ep0ping_isr
     0000E6F4  _GPIFREADYSTAT                     ep0ping_isr
     0000E6F5  _GPIFABORT                         ep0ping_isr
     0000E740  _EP0BUF                            ep0ping_isr
     0000E780  _EP1OUTBUF                         ep0ping_isr
     0000E7C0  _EP1INBUF                          ep0ping_isr
     0000F000  _EP2FIFOBUF                        ep0ping_isr
     0000F400  _EP4FIFOBUF                        ep0ping_isr
     0000F800  _EP6FIFOBUF                        ep0ping_isr
     0000FC00  _EP8FIFOBUF                        ep0ping_isr

ASxxxx Linker V03.00 + NoICE + sdld,  page 10.
Hexadecimal  [32-Bits]

Area                                    Addr        Size        Decimal Bytes (Attributes)
--------------------------------        ----        ----        ------- ----- ------------
BSEG_BYTES                          00000020    00000001 =           1. bytes (REL,CON)

      Value  Global                              Global Defined In Module
      -----  --------------------------------   ------------------------
ASxxxx Linker V03.00 + NoICE + sdld,  page 11.
Hexadecimal  [32-Bits]

Area                                    Addr        Size        Decimal Bytes (Attributes)
--------------------------------        ----        ----        ------- ----- ------------
REG_BANK_0                          00000000    00000008 =           8. bytes (REL,OVR)

      Value  Global                              Global Defined In Module
      -----  --------------------------------   ------------------------
ASxxxx Linker V03.00 + NoICE + sdld,  page 12.
Hexadecimal  [32-Bits]

Area                                    Addr        Size        Decimal Bytes (Attributes)
--------------------------------        ----        ----        ------- ----- ------------
BIT_BANK                            00000021    00000001 =           1. bytes (REL,OVR)

      Value  Global                              Global Defined In Module
      -----  --------------------------------   ------------------------
ASxxxx Linker V03.00 + NoICE + sdld,  page 13.
Hexadecimal  [32-Bits]

Area                                    Addr        Size        Decimal Bytes (Attributes)
--------------------------------        ----        ----        ------- ----- ------------
DSEG                                00000000    0000007C =         124. bytes (REL,CON)

      Value  Global                              Global Defined In Module
      -----  --------------------------------   ------------------------
     00000008  _vendor_command                    fx2lafw
     00000009  _ledcounter                        fx2lafw
     0000000B  _gpif_acquiring                    gpif_acquisition
     00000016  _self_powered                      setupdat
     00000017  _remote_wakeup_allowed             setupdat
     00000018  _pDevConfig                        setupdat
     0000001A  _pOtherConfig                      setupdat

ASxxxx Linker V03.00 + NoICE + sdld,  page 14.
Hexadecimal  [32-Bits]

Area                                    Addr        Size        Decimal Bytes (Attributes)
--------------------------------        ----        ----        ------- ----- ------------
OSEG                                00000022    00000008 =           8. bytes (REL,OVR)

      Value  Global                              Global Defined In Module
      -----  --------------------------------   ------------------------
     00000022  __divsint_PARM_2                   _divuint
     00000022  __divuint_PARM_2                   _divuint
     00000022  __gptrput_PARM_2                   _gptrput
     00000022  _gpif_init_PARM_2                  gpif
     00000022  _gpif_setflowstate_PARM_2          gpif
     00000022  _gpif_single_read16_PARM_2         gpif
     00000022  _gpif_single_write16_PARM_2        gpif
     00000022  _handle_get_interface_PARM_2       fx2lafw
     00000022  _handle_set_interface_PARM_2       fx2lafw
ASxxxx Linker V03.00 + NoICE + sdld,  page 15.
Hexadecimal  [32-Bits]

Area                                    Addr        Size        Decimal Bytes (Attributes)
--------------------------------        ----        ----        ------- ----- ------------
SSEG                                0000002A    000000D6 =         214. bytes (REL,OVR)

      Value  Global                              Global Defined In Module
      -----  --------------------------------   ------------------------
     0000002A  __start__stack                     fx2lafw

ASxxxx Linker V03.00 + NoICE + sdld,  page 16.
Hexadecimal  [32-Bits]

Area                                    Addr        Size        Decimal Bytes (Attributes)
--------------------------------        ----        ----        ------- ----- ------------
DSCR_AREA                           00001E00    0000008C =         140. bytes (REL,CON,CODE)

      Value  Global                              Global Defined In Module
      -----  --------------------------------   ------------------------
C:   00001E00  _dev_dscr                          DEV_DSCR
C:   00001E12  _dev_qual_dscr                     DEV_DSCR
C:   00001E1C  _highspd_dscr                      DEV_DSCR
C:   00001E36  _fullspd_dscr                      DEV_DSCR
C:   00001E50  _dev_strings                       DEV_DSCR
C:   00001E8A  _dev_strings_end                   DEV_DSCR
ASxxxx Linker V03.00 + NoICE + sdld,  page 17.
Hexadecimal  [32-Bits]

Area                                    Addr        Size        Decimal Bytes (Attributes)
--------------------------------        ----        ----        ------- ----- ------------
HOME                                00000000    000001B9 =         441. bytes (REL,CON,CODE)

      Value  Global                              Global Defined In Module
      -----  --------------------------------   ------------------------
C:   000001B6  __sdcc_program_startup             fx2lafw

ASxxxx Linker V03.00 + NoICE + sdld,  page 18.
Hexadecimal  [32-Bits]

Area                                    Addr        Size        Decimal Bytes (Attributes)
--------------------------------        ----        ----        ------- ----- ------------
GSINIT0                             000001B9    00000003 =           3. bytes (REL,CON,CODE)

      Value  Global                              Global Defined In Module
      -----  --------------------------------   ------------------------
C:   000001B9  __sdcc_gsinit_startup              

ASxxxx Linker V03.00 + NoICE + sdld,  page 19.
Hexadecimal  [32-Bits]

Area                                    Addr        Size        Decimal Bytes (Attributes)
--------------------------------        ----        ----        ------- ----- ------------
GSINIT2                             000001BC    0000000A =          10. bytes (REL,CON,CODE)

      Value  Global                              Global Defined In Module
      -----  --------------------------------   ------------------------
ASxxxx Linker V03.00 + NoICE + sdld,  page 20.
Hexadecimal  [32-Bits]

Area                                    Addr        Size        Decimal Bytes (Attributes)
--------------------------------        ----        ----        ------- ----- ------------
GSINIT3                             000001C6    00000022 =          34. bytes (REL,CON,CODE)

      Value  Global                              Global Defined In Module
      -----  --------------------------------   ------------------------
C:   000001C6  __mcs51_genXINIT                   

ASxxxx Linker V03.00 + NoICE + sdld,  page 21.
Hexadecimal  [32-Bits]

Area                                    Addr        Size        Decimal Bytes (Attributes)
--------------------------------        ----        ----        ------- ----- ------------
GSINIT4                             000001E8    0000002A =          42. bytes (REL,CON,CODE)

      Value  Global                              Global Defined In Module
      -----  --------------------------------   ------------------------
C:   000001E8  __mcs51_genRAMCLEAR                
C:   000001EE  __mcs51_genXRAMCLEAR               

ASxxxx Linker V03.00 + NoICE + sdld,  page 22.
Hexadecimal  [32-Bits]

Area                                    Addr        Size        Decimal Bytes (Attributes)
--------------------------------        ----        ----        ------- ----- ------------
GSINIT                              00000212    0000001A =          26. bytes (REL,CON,CODE)

      Value  Global                              Global Defined In Module
      -----  --------------------------------   ------------------------
ASxxxx Linker V03.00 + NoICE + sdld,  page 23.
Hexadecimal  [32-Bits]

Area                                    Addr        Size        Decimal Bytes (Attributes)
--------------------------------        ----        ----        ------- ----- ------------
GSFINAL                             0000022C    00000003 =           3. bytes (REL,CON,CODE)

      Value  Global                              Global Defined In Module
      -----  --------------------------------   ------------------------
ASxxxx Linker V03.00 + NoICE + sdld,  page 24.
Hexadecimal  [32-Bits]

Area                                    Addr        Size        Decimal Bytes (Attributes)
--------------------------------        ----        ----        ------- ----- ------------
CSEG                                0000022F    00001010 =        4112. bytes (REL,CON,CODE)

      Value  Global                              Global Defined In Module
      -----  --------------------------------   ------------------------
C:   000002FC  _handle_vendorcommand              fx2lafw
C:   0000032E  _handle_get_interface              fx2lafw
C:   0000034A  _handle_set_interface              fx2lafw
C:   00000389  _handle_get_configuration          fx2lafw
C:   0000038D  _handle_set_configuration          fx2lafw
C:   0000039F  _sudav_isr                         fx2lafw
C:   000003B7  _ibn_isr                           fx2lafw
C:   00000431  _usbreset_isr                      fx2lafw
C:   0000047C  _hispeed_isr                       fx2lafw
C:   000004C7  _timer2_isr                        fx2lafw
C:   000004F6  _fx2lafw_init                      fx2lafw
C:   0000058E  _fx2lafw_poll                      fx2lafw
C:   000005C2  _main                              fx2lafw
C:   00000661  _gpif_init_la                      gpif_acquisition
C:   00000722  _gpif_acquisition_prepare          gpif_acquisition
C:   00000945  _gpif_acquisition_start            gpif_acquisition
C:   00000955  _gpif_poll                         gpif_acquisition
C:   00000993  _ep0ack_isr                        ep0ack_isr
C:   00000994  _ep1ping_isr                       ep1ping_isr
C:   00000995  _ep2ping_isr                       ep2ping_isr
C:   00000996  _sutok_isr                         sutok_isr
C:   00000997  _gpif_init                         gpif
C:   00000AAF  _gpif_setflowstate                 gpif
C:   00000B95  _gpif_set_tc32                     gpif
C:   00000BC9  _gpif_set_tc16                     gpif
C:   00000BDC  _gpif_single_read16                gpif
C:   00000C8B  _gpif_single_write16               gpif
C:   00000CDC  _gpif_fifo_read                    gpif
C:   00000CE9  _gpif_fifo_write                   gpif
C:   00000CF3  _ep4ping_isr                       ep4ping_isr
C:   00000CF4  _ep6ping_isr                       ep6ping_isr
C:   00000CF5  _ep8ping_isr                       ep8ping_isr
C:   00000CF6  _handle_setupdata                  setupdat
C:   00000E44  _ep_addr                           setupdat
C:   00000E9C  _handle_get_status                 setupdat
C:   00000F30  _handle_clear_feature              setupdat
C:   00000F7E  _handle_set_feature                setupdat
C:   0000101F  _handle_hispeed                    setupdat
C:   0000104A  _handle_get_descriptor             setupdat
C:   0000112F  _suspend_isr                       suspend_isr
C:   00001130  _gpifwf_isr                        gpifwf_isr
C:   00001131  _ep2_isr                           ep2_isr
C:   00001132  _sof_isr                           sof_isr
C:   00001133  __gptrput                          _gptrput
C:   0000114E  _ep4_isr                           ep4_isr
C:   0000114F  _ep6_isr                           ep6_isr
C:   00001150  _gpifdone_isr                      gpifdone_isr
C:   00001151  _ep8_isr                           ep8_isr
C:   00001152  _ep2ef_isr                         ep2ef_isr
C:   00001153  __divuint                          _divuint
ASxxxx Linker V03.00 + NoICE + sdld,  page 25.
Hexadecimal  [32-Bits]

Area                                    Addr        Size        Decimal Bytes (Attributes)
--------------------------------        ----        ----        ------- ----- ------------
CSEG                                0000022F    00001010 =        4112. bytes (REL,CON,CODE)

      Value  Global                              Global Defined In Module
      -----  --------------------------------   ------------------------
C:   0000117C  _ep2ff_isr                         ep2ff_isr
C:   0000117D  _ep4ef_isr                         ep4ef_isr
C:   0000117E  _ep4ff_isr                         ep4ff_isr
C:   0000117F  _ep6ef_isr                         ep6ef_isr
C:   00001180  _ep6ff_isr                         ep6ff_isr
C:   00001181  _ep8ef_isr                         ep8ef_isr
C:   00001182  _ep8ff_isr                         ep8ff_isr
C:   00001183  _ep2isoerr_isr                     ep2isoerr_isr
C:   00001184  _spare_isr                         spare_isr
C:   00001185  _ep0in_isr                         ep0in_isr
C:   00001186  _ep0out_isr                        ep0out_isr
C:   00001187  _ep1in_isr                         ep1in_isr
C:   00001188  _ep4isoerr_isr                     ep4isoerr_isr
C:   00001189  _ep2pf_isr                         ep2pf_isr
C:   0000118A  _ep1out_isr                        ep1out_isr
C:   0000118B  _ep6isoerr_isr                     ep6isoerr_isr
C:   0000118C  _ep4pf_isr                         ep4pf_isr
C:   0000118D  _ep8isoerr_isr                     ep8isoerr_isr
C:   0000118E  _ep6pf_isr                         ep6pf_isr
C:   0000118F  _delay                             delay
C:   000011E4  _ep8pf_isr                         ep8pf_isr
C:   000011E5  _errlimit_isr                      errlimit_isr
C:   000011E6  __gptrget                          _gptrget
C:   00001202  __divsint                          _divsint
C:   0000123A  _ep0ping_isr                       ep0ping_isr
C:   0000123B  __sdcc_external_startup            _startup

ASxxxx Linker V03.00 + NoICE + sdld,  page 26.
Hexadecimal  [32-Bits]

Area                                    Addr        Size        Decimal Bytes (Attributes)
--------------------------------        ----        ----        ------- ----- ------------
INT2JT                              00001F00    000000B8 =         184. bytes (REL,CON,CODE)

      Value  Global                              Global Defined In Module
      -----  --------------------------------   ------------------------
C:   00001F00  _INT2JT                            INT2AV

ASxxxx Linker V03.00 + NoICE + sdld,  page 27.

Files Linked                              [ module(s) ]

hw/cypress-fx2/dscr.rel                   [  ]
fx2lafw.rel                               [  ]
gpif-acquisition.rel                      [  ]


Libraries Linked                          [ object file ]

fx2lib/lib/interrupts/ints.lib            [ ep0ack_isr.rel ]
fx2lib/lib/interrupts/ints.lib            [ ep1ping_isr.rel ]
fx2lib/lib/interrupts/ints.lib            [ ep2ping_isr.rel ]
fx2lib/lib/interrupts/ints.lib            [ sutok_isr.rel ]
fx2lib/lib/fx2.lib                        [ gpif.rel ]
fx2lib/lib/interrupts/ints.lib            [ ep4ping_isr.rel ]
fx2lib/lib/interrupts/ints.lib            [ ep6ping_isr.rel ]
fx2lib/lib/interrupts/ints.lib            [ ep8ping_isr.rel ]
/usr/bin/../share/sdcc/lib/small/mcs51.lib
                                          [ crtclear.rel ]
fx2lib/lib/fx2.lib                        [ setupdat.rel ]
/usr/bin/../share/sdcc/lib/small/mcs51.lib
                                          [ crtxinit.rel ]
fx2lib/lib/interrupts/ints.lib            [ suspend_isr.rel ]
fx2lib/lib/interrupts/ints.lib            [ gpifwf_isr.rel ]
fx2lib/lib/interrupts/ints.lib            [ ep2_isr.rel ]
fx2lib/lib/interrupts/ints.lib            [ sof_isr.rel ]
/usr/bin/../share/sdcc/lib/small/libsdcc.lib
                                          [ _gptrput.rel ]
fx2lib/lib/interrupts/ints.lib            [ ep4_isr.rel ]
fx2lib/lib/interrupts/ints.lib            [ ep6_isr.rel ]
fx2lib/lib/interrupts/ints.lib            [ gpifdone_isr.rel ]
fx2lib/lib/interrupts/ints.lib            [ ep8_isr.rel ]
fx2lib/lib/fx2.lib                        [ usbav.rel ]
fx2lib/lib/interrupts/ints.lib            [ ep2ef_isr.rel ]
/usr/bin/../share/sdcc/lib/small/libint.lib
                                          [ _divuint.rel ]
fx2lib/lib/interrupts/ints.lib            [ ep2ff_isr.rel ]
/usr/bin/../share/sdcc/lib/small/mcs51.lib
                                          [ crtxclear.rel ]
fx2lib/lib/interrupts/ints.lib            [ ep4ef_isr.rel ]
fx2lib/lib/interrupts/ints.lib            [ ep4ff_isr.rel ]
fx2lib/lib/interrupts/ints.lib            [ ep6ef_isr.rel ]
fx2lib/lib/interrupts/ints.lib            [ ep6ff_isr.rel ]
fx2lib/lib/interrupts/ints.lib            [ ep8ef_isr.rel ]
fx2lib/lib/interrupts/ints.lib            [ ep8ff_isr.rel ]
fx2lib/lib/interrupts/ints.lib            [ ep2isoerr_isr.rel ]
fx2lib/lib/interrupts/ints.lib            [ spare_isr.rel ]
fx2lib/lib/interrupts/ints.lib            [ ep0in_isr.rel ]
fx2lib/lib/interrupts/ints.lib            [ ep0out_isr.rel ]
fx2lib/lib/interrupts/ints.lib            [ ep1in_isr.rel ]
fx2lib/lib/interrupts/ints.lib            [ ep4isoerr_isr.rel ]
fx2lib/lib/interrupts/ints.lib            [ ep2pf_isr.rel ]
fx2lib/lib/interrupts/ints.lib            [ ep1out_isr.rel ]
fx2lib/lib/interrupts/ints.lib            [ ep6isoerr_isr.rel ]
fx2lib/lib/interrupts/ints.lib            [ ep4pf_isr.rel ]
fx2lib/lib/interrupts/ints.lib            [ ep8isoerr_isr.rel ]
fx2lib/lib/interrupts/ints.lib            [ ep6pf_isr.rel ]
fx2lib/lib/fx2.lib                        [ delay.rel ]
fx2lib/lib/interrupts/ints.lib            [ ep8pf_isr.rel ]
fx2lib/lib/interrupts/ints.lib            [ errlimit_isr.rel ]
/usr/bin/../share/sdcc/lib/small/mcs51.lib
                                          [ crtstart.rel ]
/usr/bin/../share/sdcc/lib/small/libsdcc.lib
                                          [ _gptrget.rel ]
/usr/bin/../share/sdcc/lib/small/libint.lib
                                          [ _divsint.rel ]
fx2lib/lib/interrupts/ints.lib            [ ep0ping_isr.rel ]
/usr/bin/../share/sdcc/lib/small/libsdcc.lib
                                          [ _startup.rel ]

ASxxxx Linker V03.00 + NoICE + sdld,  page 28.

User Base Address Definitions

HOME = 0x0000
XSEG = 0x1c00
PSEG = 0x1c00
ISEG = 0x0000
BSEG = 0x0000
DSCR_AREA=0x1e00
INT2JT=0x1f00

